------------------------------------------------------------
Timing Analyzer Summary
------------------------------------------------------------

Type  : Slow 1200mV 85C Model Setup 'CLOCK_50'
Slack : -13.684
TNS   : -23854.694

Type  : Slow 1200mV 85C Model Hold 'CLOCK_50'
Slack : 0.323
TNS   : 0.000

Type  : Slow 1200mV 85C Model Recovery 'CLOCK_50'
Slack : -2.623
TNS   : -354.820

Type  : Slow 1200mV 85C Model Removal 'CLOCK_50'
Slack : 2.593
TNS   : 0.000

Type  : Slow 1200mV 85C Model Minimum Pulse Width 'CLOCK_50'
Slack : -3.000
TNS   : -3353.364

Type  : Slow 1200mV 0C Model Setup 'CLOCK_50'
Slack : -12.550
TNS   : -21838.693

Type  : Slow 1200mV 0C Model Hold 'CLOCK_50'
Slack : 0.290
TNS   : 0.000

Type  : Slow 1200mV 0C Model Recovery 'CLOCK_50'
Slack : -2.305
TNS   : -311.431

Type  : Slow 1200mV 0C Model Removal 'CLOCK_50'
Slack : 2.339
TNS   : 0.000

Type  : Slow 1200mV 0C Model Minimum Pulse Width 'CLOCK_50'
Slack : -3.000
TNS   : -3353.364

Type  : Fast 1200mV 0C Model Setup 'CLOCK_50'
Slack : -5.191
TNS   : -8882.070

Type  : Fast 1200mV 0C Model Hold 'CLOCK_50'
Slack : 0.141
TNS   : 0.000

Type  : Fast 1200mV 0C Model Recovery 'CLOCK_50'
Slack : -0.811
TNS   : -104.440

Type  : Fast 1200mV 0C Model Removal 'CLOCK_50'
Slack : 1.276
TNS   : 0.000

Type  : Fast 1200mV 0C Model Minimum Pulse Width 'CLOCK_50'
Slack : -3.000
TNS   : -2796.344

------------------------------------------------------------
