Analysis & Synthesis report for gumnut_with_mem
Tue Apr 28 01:03:22 2026
Quartus Prime Version 25.1std.0 Build 1129 10/21/2025 SC Lite Edition


---------------------
; Table of Contents ;
---------------------
  1. Legal Notice
  2. Analysis & Synthesis Summary
  3. Analysis & Synthesis Settings
  4. Parallel Compilation
  5. Analysis & Synthesis Source Files Read
  6. Analysis & Synthesis Resource Usage Summary
  7. Analysis & Synthesis Resource Utilization by Entity
  8. State Machine - |de10lite|uart_rx:uart_rx_inst|state_reg
  9. State Machine - |de10lite|uart_tx:uart_tx_inst|state_reg
 10. State Machine - |de10lite|gumnut_with_mem:gumnut_inst|gumnut:core|state
 11. Registers Removed During Synthesis
 12. Removed Registers Triggering Further Register Optimizations
 13. General Register Statistics
 14. Inverted Register Statistics
 15. Multiplexer Restructuring Statistics (Restructuring Performed)
 16. Parameter Settings for User Entity Instance: gumnut_with_mem:gumnut_inst
 17. Parameter Settings for User Entity Instance: gumnut_with_mem:gumnut_inst|gumnut:core
 18. Parameter Settings for User Entity Instance: baudrate_gen:baud_inst
 19. Parameter Settings for User Entity Instance: baudrate_gen:baud_rx_inst
 20. Port Connectivity Checks: "gumnut_with_mem:gumnut_inst"
 21. Post-Synthesis Netlist Statistics for Top Partition
 22. Elapsed Time Per Partition
 23. Analysis & Synthesis Messages



----------------
; Legal Notice ;
----------------
Copyright (C) 2025  Altera Corporation. All rights reserved.
Your use of Altera Corporation's design tools, logic functions 
and other software and tools, and any partner logic 
functions, and any output files from any of the foregoing 
(including device programming or simulation files), and any 
associated documentation or information are expressly subject 
to the terms and conditions of the Altera Program License 
Subscription Agreement, the Altera Quartus Prime License Agreement,
the Altera IP License Agreement, or other applicable license
agreement, including, without limitation, that your use is for
the sole purpose of programming logic devices manufactured by
Altera and sold by Altera or its authorized distributors.  Please
refer to the Altera Software License Subscription Agreements 
on the Quartus Prime software download page.



+--------------------------------------------------------------------------------------+
; Analysis & Synthesis Summary                                                         ;
+------------------------------------+-------------------------------------------------+
; Analysis & Synthesis Status        ; Successful - Tue Apr 28 01:03:22 2026           ;
; Quartus Prime Version              ; 25.1std.0 Build 1129 10/21/2025 SC Lite Edition ;
; Revision Name                      ; gumnut_with_mem                                 ;
; Top-level Entity Name              ; de10lite                                        ;
; Family                             ; MAX 10                                          ;
; Total logic elements               ; 4,597                                           ;
;     Total combinational functions  ; 2,511                                           ;
;     Dedicated logic registers      ; 2,388                                           ;
; Total registers                    ; 2388                                            ;
; Total pins                         ; 39                                              ;
; Total virtual pins                 ; 0                                               ;
; Total memory bits                  ; 0                                               ;
; Embedded Multiplier 9-bit elements ; 0                                               ;
; Total PLLs                         ; 0                                               ;
; UFM blocks                         ; 0                                               ;
; ADC blocks                         ; 0                                               ;
+------------------------------------+-------------------------------------------------+


+------------------------------------------------------------------------------------------------------------+
; Analysis & Synthesis Settings                                                                              ;
+------------------------------------------------------------------+--------------------+--------------------+
; Option                                                           ; Setting            ; Default Value      ;
+------------------------------------------------------------------+--------------------+--------------------+
; Device                                                           ; 10M50DAF484C7G     ;                    ;
; Top-level entity name                                            ; de10lite           ; gumnut_with_mem    ;
; Family name                                                      ; MAX 10             ; Cyclone V          ;
; Use smart compilation                                            ; Off                ; Off                ;
; Enable parallel Assembler and Timing Analyzer during compilation ; On                 ; On                 ;
; Enable compact report table                                      ; Off                ; Off                ;
; Restructure Multiplexers                                         ; Auto               ; Auto               ;
; Create Debugging Nodes for IP Cores                              ; Off                ; Off                ;
; Preserve fewer node names                                        ; On                 ; On                 ;
; Intel FPGA IP Evaluation Mode                                    ; Enable             ; Enable             ;
; Verilog Version                                                  ; Verilog_2001       ; Verilog_2001       ;
; VHDL Version                                                     ; VHDL_1993          ; VHDL_1993          ;
; State Machine Processing                                         ; Auto               ; Auto               ;
; Safe State Machine                                               ; Off                ; Off                ;
; Extract Verilog State Machines                                   ; On                 ; On                 ;
; Extract VHDL State Machines                                      ; On                 ; On                 ;
; Ignore Verilog initial constructs                                ; Off                ; Off                ;
; Iteration limit for constant Verilog loops                       ; 5000               ; 5000               ;
; Iteration limit for non-constant Verilog loops                   ; 250                ; 250                ;
; Add Pass-Through Logic to Inferred RAMs                          ; On                 ; On                 ;
; Infer RAMs from Raw Logic                                        ; On                 ; On                 ;
; Parallel Synthesis                                               ; On                 ; On                 ;
; DSP Block Balancing                                              ; Auto               ; Auto               ;
; NOT Gate Push-Back                                               ; On                 ; On                 ;
; Power-Up Don't Care                                              ; On                 ; On                 ;
; Remove Redundant Logic Cells                                     ; Off                ; Off                ;
; Remove Duplicate Registers                                       ; On                 ; On                 ;
; Ignore CARRY Buffers                                             ; Off                ; Off                ;
; Ignore CASCADE Buffers                                           ; Off                ; Off                ;
; Ignore GLOBAL Buffers                                            ; Off                ; Off                ;
; Ignore ROW GLOBAL Buffers                                        ; Off                ; Off                ;
; Ignore LCELL Buffers                                             ; Off                ; Off                ;
; Ignore SOFT Buffers                                              ; On                 ; On                 ;
; Limit AHDL Integers to 32 Bits                                   ; Off                ; Off                ;
; Optimization Technique                                           ; Balanced           ; Balanced           ;
; Carry Chain Length                                               ; 70                 ; 70                 ;
; Auto Carry Chains                                                ; On                 ; On                 ;
; Auto Open-Drain Pins                                             ; On                 ; On                 ;
; Perform WYSIWYG Primitive Resynthesis                            ; Off                ; Off                ;
; Auto ROM Replacement                                             ; On                 ; On                 ;
; Auto RAM Replacement                                             ; On                 ; On                 ;
; Auto DSP Block Replacement                                       ; On                 ; On                 ;
; Auto Shift Register Replacement                                  ; Auto               ; Auto               ;
; Allow Shift Register Merging across Hierarchies                  ; Auto               ; Auto               ;
; Auto Clock Enable Replacement                                    ; On                 ; On                 ;
; Strict RAM Replacement                                           ; Off                ; Off                ;
; Allow Synchronous Control Signals                                ; On                 ; On                 ;
; Force Use of Synchronous Clear Signals                           ; Off                ; Off                ;
; Auto RAM Block Balancing                                         ; On                 ; On                 ;
; Auto RAM to Logic Cell Conversion                                ; Off                ; Off                ;
; Auto Resource Sharing                                            ; Off                ; Off                ;
; Allow Any RAM Size For Recognition                               ; Off                ; Off                ;
; Allow Any ROM Size For Recognition                               ; Off                ; Off                ;
; Allow Any Shift Register Size For Recognition                    ; Off                ; Off                ;
; Use LogicLock Constraints during Resource Balancing              ; On                 ; On                 ;
; Ignore translate_off and synthesis_off directives                ; Off                ; Off                ;
; Timing-Driven Synthesis                                          ; On                 ; On                 ;
; Report Parameter Settings                                        ; On                 ; On                 ;
; Report Source Assignments                                        ; On                 ; On                 ;
; Report Connectivity Checks                                       ; On                 ; On                 ;
; Ignore Maximum Fan-Out Assignments                               ; Off                ; Off                ;
; Synchronization Register Chain Length                            ; 2                  ; 2                  ;
; Power Optimization During Synthesis                              ; Normal compilation ; Normal compilation ;
; HDL message level                                                ; Level2             ; Level2             ;
; Suppress Register Optimization Related Messages                  ; Off                ; Off                ;
; Number of Removed Registers Reported in Synthesis Report         ; 5000               ; 5000               ;
; Number of Swept Nodes Reported in Synthesis Report               ; 5000               ; 5000               ;
; Number of Inverted Registers Reported in Synthesis Report        ; 100                ; 100                ;
; Clock MUX Protection                                             ; On                 ; On                 ;
; Auto Gated Clock Conversion                                      ; Off                ; Off                ;
; Block Design Naming                                              ; Auto               ; Auto               ;
; SDC constraint protection                                        ; Off                ; Off                ;
; Synthesis Effort                                                 ; Auto               ; Auto               ;
; Shift Register Replacement - Allow Asynchronous Clear Signal     ; On                 ; On                 ;
; Pre-Mapping Resynthesis Optimization                             ; Off                ; Off                ;
; Analysis & Synthesis Message Level                               ; Medium             ; Medium             ;
; Disable Register Merging Across Hierarchies                      ; Auto               ; Auto               ;
; Resource Aware Inference For Block RAM                           ; On                 ; On                 ;
+------------------------------------------------------------------+--------------------+--------------------+


+------------------------------------------+
; Parallel Compilation                     ;
+----------------------------+-------------+
; Processors                 ; Number      ;
+----------------------------+-------------+
; Number detected on machine ; 16          ;
; Maximum allowed            ; 16          ;
;                            ;             ;
; Average used               ; 1.01        ;
; Maximum used               ; 16          ;
;                            ;             ;
; Usage by Processor         ; % Time Used ;
;     Processor 1            ; 100.0%      ;
;     Processor 2            ;   0.1%      ;
;     Processor 3            ;   0.1%      ;
;     Processor 4            ;   0.1%      ;
;     Processor 5            ;   0.1%      ;
;     Processor 6            ;   0.1%      ;
;     Processor 7            ;   0.1%      ;
;     Processor 8            ;   0.1%      ;
;     Processors 9-16        ;   0.0%      ;
+----------------------------+-------------+


+----------------------------------------------------------------------------------------------------------------------------------------------------------------------------------------------------------------------------------------------------------------+
; Analysis & Synthesis Source Files Read                                                                                                                                                                                                                         ;
+----------------------------------+-----------------+------------------------------+------------------------------------------------------------------------------------------------------------------------------------------------------------------+---------+
; File Name with User-Entered Path ; Used in Netlist ; File Type                    ; File Name with Absolute Path                                                                                                                                     ; Library ;
+----------------------------------+-----------------+------------------------------+------------------------------------------------------------------------------------------------------------------------------------------------------------------+---------+
; inst_mem.v                       ; yes             ; User Verilog HDL File        ; /home/jorgelop/Documents/Escuela_Tareas/PERIODO 2/Diseno_Logica_Programable/Proyecto/Avance Final/Gumnut/P01_Gumnut_CPU_Quartus_Mixed/inst_mem.v                 ;         ;
; gumnut-rtl_unpipelined.vhd       ; yes             ; User VHDL File               ; /home/jorgelop/Documents/Escuela_Tareas/PERIODO 2/Diseno_Logica_Programable/Proyecto/Avance Final/Gumnut/P01_Gumnut_CPU_Quartus_Mixed/gumnut-rtl_unpipelined.vhd ;         ;
; gumnut_with_mem-struct.vhd       ; yes             ; User VHDL File               ; /home/jorgelop/Documents/Escuela_Tareas/PERIODO 2/Diseno_Logica_Programable/Proyecto/Avance Final/Gumnut/P01_Gumnut_CPU_Quartus_Mixed/gumnut_with_mem-struct.vhd ;         ;
; gumnut_with_mem.vhd              ; yes             ; User VHDL File               ; /home/jorgelop/Documents/Escuela_Tareas/PERIODO 2/Diseno_Logica_Programable/Proyecto/Avance Final/Gumnut/P01_Gumnut_CPU_Quartus_Mixed/gumnut_with_mem.vhd        ;         ;
; gumnut_defs.vhd                  ; yes             ; User VHDL File               ; /home/jorgelop/Documents/Escuela_Tareas/PERIODO 2/Diseno_Logica_Programable/Proyecto/Avance Final/Gumnut/P01_Gumnut_CPU_Quartus_Mixed/gumnut_defs.vhd            ;         ;
; gumnut.vhd                       ; yes             ; User VHDL File               ; /home/jorgelop/Documents/Escuela_Tareas/PERIODO 2/Diseno_Logica_Programable/Proyecto/Avance Final/Gumnut/P01_Gumnut_CPU_Quartus_Mixed/gumnut.vhd                 ;         ;
; data_mem.v                       ; yes             ; User Verilog HDL File        ; /home/jorgelop/Documents/Escuela_Tareas/PERIODO 2/Diseno_Logica_Programable/Proyecto/Avance Final/Gumnut/P01_Gumnut_CPU_Quartus_Mixed/data_mem.v                 ;         ;
; baudrate_gen.vhd                 ; yes             ; User VHDL File               ; /home/jorgelop/Documents/Escuela_Tareas/PERIODO 2/Diseno_Logica_Programable/Proyecto/Avance Final/Gumnut/P01_Gumnut_CPU_Quartus_Mixed/baudrate_gen.vhd           ;         ;
; uart_tx.vhd                      ; yes             ; User VHDL File               ; /home/jorgelop/Documents/Escuela_Tareas/PERIODO 2/Diseno_Logica_Programable/Proyecto/Avance Final/Gumnut/P01_Gumnut_CPU_Quartus_Mixed/uart_tx.vhd                ;         ;
; de10lite.vhd                     ; yes             ; User VHDL File               ; /home/jorgelop/Documents/Escuela_Tareas/PERIODO 2/Diseno_Logica_Programable/Proyecto/Avance Final/Gumnut/P01_Gumnut_CPU_Quartus_Mixed/de10lite.vhd               ;         ;
; uart_rx.vhd                      ; yes             ; User VHDL File               ; /home/jorgelop/Documents/Escuela_Tareas/PERIODO 2/Diseno_Logica_Programable/Proyecto/Avance Final/Gumnut/P01_Gumnut_CPU_Quartus_Mixed/uart_rx.vhd                ;         ;
; gasm_data.dat                    ; yes             ; Auto-Found Unspecified File  ; /home/jorgelop/Documents/Escuela_Tareas/PERIODO 2/Diseno_Logica_Programable/Proyecto/Avance Final/Gumnut/P01_Gumnut_CPU_Quartus_Mixed/gasm_data.dat              ;         ;
; gasm_text.dat                    ; yes             ; Auto-Found Unspecified File  ; /home/jorgelop/Documents/Escuela_Tareas/PERIODO 2/Diseno_Logica_Programable/Proyecto/Avance Final/Gumnut/P01_Gumnut_CPU_Quartus_Mixed/gasm_text.dat              ;         ;
+----------------------------------+-----------------+------------------------------+------------------------------------------------------------------------------------------------------------------------------------------------------------------+---------+


+--------------------------------------------------------------+
; Analysis & Synthesis Resource Usage Summary                  ;
+---------------------------------------------+----------------+
; Resource                                    ; Usage          ;
+---------------------------------------------+----------------+
; Estimated Total logic elements              ; 4,597          ;
;                                             ;                ;
; Total combinational functions               ; 2511           ;
; Logic element usage by number of LUT inputs ;                ;
;     -- 4 input functions                    ; 1865           ;
;     -- 3 input functions                    ; 563            ;
;     -- <=2 input functions                  ; 83             ;
;                                             ;                ;
; Logic elements by mode                      ;                ;
;     -- normal mode                          ; 2457           ;
;     -- arithmetic mode                      ; 54             ;
;                                             ;                ;
; Total registers                             ; 2388           ;
;     -- Dedicated logic registers            ; 2388           ;
;     -- I/O registers                        ; 0              ;
;                                             ;                ;
; I/O pins                                    ; 39             ;
;                                             ;                ;
; Embedded Multiplier 9-bit elements          ; 0              ;
;                                             ;                ;
; Maximum fan-out node                        ; CLOCK_50~input ;
; Maximum fan-out                             ; 2388           ;
; Total fan-out                               ; 16502          ;
; Average fan-out                             ; 3.32           ;
+---------------------------------------------+----------------+


+---------------------------------------------------------------------------------------------------------------------------------------------------------------------------------------------------------------------------------------------------------------------------------------+
; Analysis & Synthesis Resource Utilization by Entity                                                                                                                                                                                                                                   ;
+----------------------------------+---------------------+---------------------------+-------------+------------+--------------+---------+-----------+------+--------------+------------+--------------------------------------------------------------+-----------------+--------------+
; Compilation Hierarchy Node       ; Combinational ALUTs ; Dedicated Logic Registers ; Memory Bits ; UFM Blocks ; DSP Elements ; DSP 9x9 ; DSP 18x18 ; Pins ; Virtual Pins ; ADC blocks ; Full Hierarchy Name                                          ; Entity Name     ; Library Name ;
+----------------------------------+---------------------+---------------------------+-------------+------------+--------------+---------+-----------+------+--------------+------------+--------------------------------------------------------------+-----------------+--------------+
; |de10lite                        ; 2511 (50)           ; 2388 (35)                 ; 0           ; 0          ; 0            ; 0       ; 0         ; 39   ; 0            ; 0          ; |de10lite                                                    ; de10lite        ; work         ;
;    |baudrate_gen:baud_inst|      ; 17 (17)             ; 9 (9)                     ; 0           ; 0          ; 0            ; 0       ; 0         ; 0    ; 0            ; 0          ; |de10lite|baudrate_gen:baud_inst                             ; baudrate_gen    ; work         ;
;    |baudrate_gen:baud_rx_inst|   ; 11 (11)             ; 5 (5)                     ; 0           ; 0          ; 0            ; 0       ; 0         ; 0    ; 0            ; 0          ; |de10lite|baudrate_gen:baud_rx_inst                          ; baudrate_gen    ; work         ;
;    |gumnut_with_mem:gumnut_inst| ; 2382 (0)            ; 2305 (0)                  ; 0           ; 0          ; 0            ; 0       ; 0         ; 0    ; 0            ; 0          ; |de10lite|gumnut_with_mem:gumnut_inst                        ; gumnut_with_mem ; work         ;
;       |data_mem:core_data_mem|   ; 1651 (1651)         ; 2057 (2057)               ; 0           ; 0          ; 0            ; 0       ; 0         ; 0    ; 0            ; 0          ; |de10lite|gumnut_with_mem:gumnut_inst|data_mem:core_data_mem ; data_mem        ; work         ;
;       |gumnut:core|              ; 603 (603)           ; 248 (248)                 ; 0           ; 0          ; 0            ; 0       ; 0         ; 0    ; 0            ; 0          ; |de10lite|gumnut_with_mem:gumnut_inst|gumnut:core            ; gumnut          ; work         ;
;       |inst_mem:core_inst_mem|   ; 128 (128)           ; 0 (0)                     ; 0           ; 0          ; 0            ; 0       ; 0         ; 0    ; 0            ; 0          ; |de10lite|gumnut_with_mem:gumnut_inst|inst_mem:core_inst_mem ; inst_mem        ; work         ;
;    |uart_rx:uart_rx_inst|        ; 27 (27)             ; 19 (19)                   ; 0           ; 0          ; 0            ; 0       ; 0         ; 0    ; 0            ; 0          ; |de10lite|uart_rx:uart_rx_inst                               ; uart_rx         ; work         ;
;    |uart_tx:uart_tx_inst|        ; 24 (24)             ; 15 (15)                   ; 0           ; 0          ; 0            ; 0       ; 0         ; 0    ; 0            ; 0          ; |de10lite|uart_tx:uart_tx_inst                               ; uart_tx         ; work         ;
+----------------------------------+---------------------+---------------------------+-------------+------------+--------------+---------+-----------+------+--------------+------------+--------------------------------------------------------------+-----------------+--------------+
Note: For table entries with two numbers listed, the numbers in parentheses indicate the number of resources of the given type used by the specific entity alone. The numbers listed outside of parentheses indicate the total resources of the given type used by the specific entity and all of its sub-entities in the hierarchy.


Encoding Type:  One-Hot
+--------------------------------------------------------------------------------------+
; State Machine - |de10lite|uart_rx:uart_rx_inst|state_reg                             ;
+-----------------+----------------+----------------+-----------------+----------------+
; Name            ; state_reg.stop ; state_reg.data ; state_reg.start ; state_reg.idle ;
+-----------------+----------------+----------------+-----------------+----------------+
; state_reg.idle  ; 0              ; 0              ; 0               ; 0              ;
; state_reg.start ; 0              ; 0              ; 1               ; 1              ;
; state_reg.data  ; 0              ; 1              ; 0               ; 1              ;
; state_reg.stop  ; 1              ; 0              ; 0               ; 1              ;
+-----------------+----------------+----------------+-----------------+----------------+


Encoding Type:  One-Hot
+--------------------------------------------------------------------------------------+
; State Machine - |de10lite|uart_tx:uart_tx_inst|state_reg                             ;
+-----------------+----------------+----------------+-----------------+----------------+
; Name            ; state_reg.stop ; state_reg.data ; state_reg.start ; state_reg.idle ;
+-----------------+----------------+----------------+-----------------+----------------+
; state_reg.idle  ; 0              ; 0              ; 0               ; 0              ;
; state_reg.start ; 0              ; 0              ; 1               ; 1              ;
; state_reg.data  ; 0              ; 1              ; 0               ; 1              ;
; state_reg.stop  ; 1              ; 0              ; 0               ; 1              ;
+-----------------+----------------+----------------+-----------------+----------------+


Encoding Type:  One-Hot
+----------------------------------------------------------------------------------------------------------------------------------------------------+
; State Machine - |de10lite|gumnut_with_mem:gumnut_inst|gumnut:core|state                                                                            ;
+------------------------+-----------------+------------------------+-----------------+---------------------+--------------------+-------------------+
; Name                   ; state.int_state ; state.write_back_state ; state.mem_state ; state.execute_state ; state.decode_state ; state.fetch_state ;
+------------------------+-----------------+------------------------+-----------------+---------------------+--------------------+-------------------+
; state.fetch_state      ; 0               ; 0                      ; 0               ; 0                   ; 0                  ; 0                 ;
; state.decode_state     ; 0               ; 0                      ; 0               ; 0                   ; 1                  ; 1                 ;
; state.execute_state    ; 0               ; 0                      ; 0               ; 1                   ; 0                  ; 1                 ;
; state.mem_state        ; 0               ; 0                      ; 1               ; 0                   ; 0                  ; 1                 ;
; state.write_back_state ; 0               ; 1                      ; 0               ; 0                   ; 0                  ; 1                 ;
; state.int_state        ; 1               ; 0                      ; 0               ; 0                   ; 0                  ; 1                 ;
+------------------------+-----------------+------------------------+-----------------+---------------------+--------------------+-------------------+


+----------------------------------------------------------------------------------------------------------+
; Registers Removed During Synthesis                                                                       ;
+------------------------------------------------------------+---------------------------------------------+
; Register name                                              ; Reason for Removal                          ;
+------------------------------------------------------------+---------------------------------------------+
; gumnut_with_mem:gumnut_inst|gumnut:core|port_D[4..7]       ; Stuck at GND due to stuck port data_in      ;
; gumnut_with_mem:gumnut_inst|gumnut:core|int_en             ; Lost fanout                                 ;
; LEDR[9]~reg0                                               ; Merged with LEDR[8]~reg0                    ;
; LEDR[8]~reg0                                               ; Stuck at GND due to stuck port data_in      ;
; gumnut_with_mem:gumnut_inst|gumnut:core|\GPR_mem:GPR[0][7] ; Stuck at GND due to stuck port data_in      ;
; gumnut_with_mem:gumnut_inst|gumnut:core|\GPR_mem:GPR[0][6] ; Stuck at GND due to stuck port data_in      ;
; gumnut_with_mem:gumnut_inst|gumnut:core|\GPR_mem:GPR[0][5] ; Stuck at GND due to stuck port data_in      ;
; gumnut_with_mem:gumnut_inst|gumnut:core|\GPR_mem:GPR[0][4] ; Stuck at GND due to stuck port data_in      ;
; gumnut_with_mem:gumnut_inst|gumnut:core|\GPR_mem:GPR[0][3] ; Stuck at GND due to stuck port data_in      ;
; gumnut_with_mem:gumnut_inst|gumnut:core|\GPR_mem:GPR[0][2] ; Stuck at GND due to stuck port data_in      ;
; gumnut_with_mem:gumnut_inst|gumnut:core|\GPR_mem:GPR[0][1] ; Stuck at GND due to stuck port data_in      ;
; gumnut_with_mem:gumnut_inst|gumnut:core|\GPR_mem:GPR[0][0] ; Stuck at GND due to stuck port data_in      ;
; gumnut_with_mem:gumnut_inst|gumnut:core|state.int_state    ; Stuck at GND due to stuck port data_in      ;
; gumnut_with_mem:gumnut_inst|gumnut:core|int_Z              ; Stuck at GND due to stuck port clock_enable ;
; gumnut_with_mem:gumnut_inst|gumnut:core|int_C              ; Stuck at GND due to stuck port clock_enable ;
; gumnut_with_mem:gumnut_inst|gumnut:core|int_PC[0..11]      ; Stuck at GND due to stuck port clock_enable ;
; Total Number of Removed Registers = 30                     ;                                             ;
+------------------------------------------------------------+---------------------------------------------+


+-------------------------------------------------------------------------------------------------------------------------------------------+
; Removed Registers Triggering Further Register Optimizations                                                                               ;
+---------------------------------------------------------+---------------------------+-----------------------------------------------------+
; Register name                                           ; Reason for Removal        ; Registers Removed due to This Register              ;
+---------------------------------------------------------+---------------------------+-----------------------------------------------------+
; gumnut_with_mem:gumnut_inst|gumnut:core|state.int_state ; Stuck at GND              ; gumnut_with_mem:gumnut_inst|gumnut:core|int_Z,      ;
;                                                         ; due to stuck port data_in ; gumnut_with_mem:gumnut_inst|gumnut:core|int_C,      ;
;                                                         ;                           ; gumnut_with_mem:gumnut_inst|gumnut:core|int_PC[0],  ;
;                                                         ;                           ; gumnut_with_mem:gumnut_inst|gumnut:core|int_PC[1],  ;
;                                                         ;                           ; gumnut_with_mem:gumnut_inst|gumnut:core|int_PC[2],  ;
;                                                         ;                           ; gumnut_with_mem:gumnut_inst|gumnut:core|int_PC[3],  ;
;                                                         ;                           ; gumnut_with_mem:gumnut_inst|gumnut:core|int_PC[4],  ;
;                                                         ;                           ; gumnut_with_mem:gumnut_inst|gumnut:core|int_PC[5],  ;
;                                                         ;                           ; gumnut_with_mem:gumnut_inst|gumnut:core|int_PC[6],  ;
;                                                         ;                           ; gumnut_with_mem:gumnut_inst|gumnut:core|int_PC[7],  ;
;                                                         ;                           ; gumnut_with_mem:gumnut_inst|gumnut:core|int_PC[8],  ;
;                                                         ;                           ; gumnut_with_mem:gumnut_inst|gumnut:core|int_PC[9],  ;
;                                                         ;                           ; gumnut_with_mem:gumnut_inst|gumnut:core|int_PC[10], ;
;                                                         ;                           ; gumnut_with_mem:gumnut_inst|gumnut:core|int_PC[11]  ;
+---------------------------------------------------------+---------------------------+-----------------------------------------------------+


+------------------------------------------------------+
; General Register Statistics                          ;
+----------------------------------------------+-------+
; Statistic                                    ; Value ;
+----------------------------------------------+-------+
; Total registers                              ; 2388  ;
; Number of registers using Synchronous Clear  ; 0     ;
; Number of registers using Synchronous Load   ; 8     ;
; Number of registers using Asynchronous Clear ; 152   ;
; Number of registers using Asynchronous Load  ; 0     ;
; Number of registers using Clock Enable       ; 2192  ;
; Number of registers using Preset             ; 0     ;
+----------------------------------------------+-------+


+--------------------------------------------------+
; Inverted Register Statistics                     ;
+----------------------------------------+---------+
; Inverted Register                      ; Fan out ;
+----------------------------------------+---------+
; rst_i                                  ; 166     ;
; uart_ready                             ; 2       ;
; Total number of inverted registers = 2 ;         ;
+----------------------------------------+---------+


+-------------------------------------------------------------------------------------------------------------------------------------------------------------------------------+
; Multiplexer Restructuring Statistics (Restructuring Performed)                                                                                                                ;
+--------------------+-----------+---------------+----------------------+------------------------+------------+-----------------------------------------------------------------+
; Multiplexer Inputs ; Bus Width ; Baseline Area ; Area if Restructured ; Saving if Restructured ; Registered ; Example Multiplexer Output                                      ;
+--------------------+-----------+---------------+----------------------+------------------------+------------+-----------------------------------------------------------------+
; 3:1                ; 2 bits    ; 4 LEs         ; 2 LEs                ; 2 LEs                  ; Yes        ; |de10lite|gumnut_with_mem:gumnut_inst|gumnut:core|SP[1]         ;
; 3:1                ; 2 bits    ; 4 LEs         ; 2 LEs                ; 2 LEs                  ; Yes        ; |de10lite|gumnut_with_mem:gumnut_inst|gumnut:core|port_D[2]     ;
; 8:1                ; 8 bits    ; 40 LEs        ; 40 LEs               ; 0 LEs                  ; Yes        ; |de10lite|gumnut_with_mem:gumnut_inst|gumnut:core|GPR_rs[0]     ;
; 8:1                ; 8 bits    ; 40 LEs        ; 40 LEs               ; 0 LEs                  ; Yes        ; |de10lite|gumnut_with_mem:gumnut_inst|gumnut:core|GPR_r2[3]     ;
; 5:1                ; 7 bits    ; 21 LEs        ; 7 LEs                ; 14 LEs                 ; Yes        ; |de10lite|uart_tx:uart_tx_inst|b_reg[1]                         ;
; 5:1                ; 3 bits    ; 9 LEs         ; 3 LEs                ; 6 LEs                  ; Yes        ; |de10lite|uart_rx:uart_rx_inst|n_reg[0]                         ;
; 5:1                ; 3 bits    ; 9 LEs         ; 3 LEs                ; 6 LEs                  ; Yes        ; |de10lite|uart_tx:uart_tx_inst|n_reg[0]                         ;
; 8:1                ; 12 bits   ; 60 LEs        ; 24 LEs               ; 36 LEs                 ; Yes        ; |de10lite|gumnut_with_mem:gumnut_inst|gumnut:core|PC[0]         ;
; 10:1               ; 4 bits    ; 24 LEs        ; 4 LEs                ; 20 LEs                 ; Yes        ; |de10lite|uart_rx:uart_rx_inst|s_reg[3]                         ;
; 3:1                ; 3 bits    ; 6 LEs         ; 6 LEs                ; 0 LEs                  ; No         ; |de10lite|gumnut_with_mem:gumnut_inst|gumnut:core|fn            ;
; 4:1                ; 4 bits    ; 8 LEs         ; 8 LEs                ; 0 LEs                  ; No         ; |de10lite|gumnut_with_mem:gumnut_inst|gumnut:core|write_data    ;
; 4:1                ; 4 bits    ; 8 LEs         ; 8 LEs                ; 0 LEs                  ; No         ; |de10lite|gumnut_with_mem:gumnut_inst|gumnut:core|write_data    ;
; 6:1                ; 2 bits    ; 8 LEs         ; 4 LEs                ; 4 LEs                  ; No         ; |de10lite|uart_tx:uart_tx_inst|Selector4                        ;
; 8:1                ; 4 bits    ; 20 LEs        ; 12 LEs               ; 8 LEs                  ; No         ; |de10lite|uart_rx:uart_rx_inst|Selector3                        ;
; 8:1                ; 2 bits    ; 10 LEs        ; 4 LEs                ; 6 LEs                  ; No         ; |de10lite|uart_tx:uart_tx_inst|Selector3                        ;
; 16:1               ; 2 bits    ; 20 LEs        ; 16 LEs               ; 4 LEs                  ; No         ; |de10lite|gumnut_with_mem:gumnut_inst|gumnut:core|data_adr_o[1] ;
; 16:1               ; 2 bits    ; 20 LEs        ; 16 LEs               ; 4 LEs                  ; No         ; |de10lite|gumnut_with_mem:gumnut_inst|gumnut:core|data_adr_o[5] ;
+--------------------+-----------+---------------+----------------------+------------------------+------------+-----------------------------------------------------------------+


+--------------------------------------------------------------------------+
; Parameter Settings for User Entity Instance: gumnut_with_mem:gumnut_inst ;
+----------------+---------------+-----------------------------------------+
; Parameter Name ; Value         ; Type                                    ;
+----------------+---------------+-----------------------------------------+
; imem_file_name ; gasm_text.dat ; String                                  ;
; dmem_file_name ; gasm_data.dat ; String                                  ;
; debug          ; false         ; Enumerated                              ;
+----------------+---------------+-----------------------------------------+
Note: In order to hide this table in the UI and the text report file, please set the "Show Parameter Settings in Synthesis Report" option in "Analysis and Synthesis Settings -> More Settings" to "Off".


+--------------------------------------------------------------------------------------+
; Parameter Settings for User Entity Instance: gumnut_with_mem:gumnut_inst|gumnut:core ;
+----------------+-------+-------------------------------------------------------------+
; Parameter Name ; Value ; Type                                                        ;
+----------------+-------+-------------------------------------------------------------+
; debug          ; false ; Enumerated                                                  ;
+----------------+-------+-------------------------------------------------------------+
Note: In order to hide this table in the UI and the text report file, please set the "Show Parameter Settings in Synthesis Report" option in "Analysis and Synthesis Settings -> More Settings" to "Off".


+---------------------------------------------------------------------+
; Parameter Settings for User Entity Instance: baudrate_gen:baud_inst ;
+----------------+-------+--------------------------------------------+
; Parameter Name ; Value ; Type                                       ;
+----------------+-------+--------------------------------------------+
; m              ; 434   ; Signed Integer                             ;
; n              ; 9     ; Signed Integer                             ;
+----------------+-------+--------------------------------------------+
Note: In order to hide this table in the UI and the text report file, please set the "Show Parameter Settings in Synthesis Report" option in "Analysis and Synthesis Settings -> More Settings" to "Off".


+------------------------------------------------------------------------+
; Parameter Settings for User Entity Instance: baudrate_gen:baud_rx_inst ;
+----------------+-------+-----------------------------------------------+
; Parameter Name ; Value ; Type                                          ;
+----------------+-------+-----------------------------------------------+
; m              ; 27    ; Signed Integer                                ;
; n              ; 5     ; Signed Integer                                ;
+----------------+-------+-----------------------------------------------+
Note: In order to hide this table in the UI and the text report file, please set the "Show Parameter Settings in Synthesis Report" option in "Analysis and Synthesis Settings -> More Settings" to "Off".


+----------------------------------------------------------------------------------------------------------------------------+
; Port Connectivity Checks: "gumnut_with_mem:gumnut_inst"                                                                    ;
+------------------+--------+----------+-------------------------------------------------------------------------------------+
; Port             ; Type   ; Severity ; Details                                                                             ;
+------------------+--------+----------+-------------------------------------------------------------------------------------+
; port_dat_i[7..4] ; Input  ; Info     ; Stuck at GND                                                                        ;
; int_req          ; Input  ; Info     ; Stuck at GND                                                                        ;
; int_ack          ; Output ; Info     ; Connected to dangling logic. Logic that only feeds a dangling port will be removed. ;
+------------------+--------+----------+-------------------------------------------------------------------------------------+


+-----------------------------------------------------+
; Post-Synthesis Netlist Statistics for Top Partition ;
+-----------------------+-----------------------------+
; Type                  ; Count                       ;
+-----------------------+-----------------------------+
; boundary_port         ; 39                          ;
; cycloneiii_ff         ; 2388                        ;
;     CLR               ; 97                          ;
;     ENA               ; 2129                        ;
;     ENA CLR           ; 55                          ;
;     ENA SLD           ; 8                           ;
;     plain             ; 99                          ;
; cycloneiii_lcell_comb ; 2514                        ;
;     arith             ; 54                          ;
;         2 data inputs ; 18                          ;
;         3 data inputs ; 36                          ;
;     normal            ; 2460                        ;
;         0 data inputs ; 3                           ;
;         1 data inputs ; 9                           ;
;         2 data inputs ; 56                          ;
;         3 data inputs ; 527                         ;
;         4 data inputs ; 1865                        ;
;                       ;                             ;
; Max LUT depth         ; 17.20                       ;
; Average LUT depth     ; 8.96                        ;
+-----------------------+-----------------------------+


+-------------------------------+
; Elapsed Time Per Partition    ;
+----------------+--------------+
; Partition Name ; Elapsed Time ;
+----------------+--------------+
; Top            ; 00:00:05     ;
+----------------+--------------+


+-------------------------------+
; Analysis & Synthesis Messages ;
+-------------------------------+
Info: *******************************************************************
Info: Running Quartus Prime Analysis & Synthesis
    Info: Version 25.1std.0 Build 1129 10/21/2025 SC Lite Edition
    Info: Processing started: Tue Apr 28 01:03:10 2026
Info: Command: quartus_map --read_settings_files=on --write_settings_files=off gumnut_with_mem -c gumnut_with_mem
Warning (18236): Number of processors has not been specified which may cause overloading on shared machines.  Set the global assignment NUM_PARALLEL_PROCESSORS in your QSF to an appropriate value for best performance.
Info (20030): Parallel compilation is enabled and will use 16 of the 16 processors detected
Info (12021): Found 1 design units, including 1 entities, in source file inst_mem.v
    Info (12023): Found entity 1: inst_mem File: /home/jorgelop/Documents/Escuela_Tareas/PERIODO 2/Diseno_Logica_Programable/Proyecto/Avance Final/Gumnut/P01_Gumnut_CPU_Quartus_Mixed/inst_mem.v Line: 1
Info (12021): Found 1 design units, including 0 entities, in source file gumnut-rtl_unpipelined.vhd
    Info (12022): Found design unit 1: gumnut-rtl_unpipelined File: /home/jorgelop/Documents/Escuela_Tareas/PERIODO 2/Diseno_Logica_Programable/Proyecto/Avance Final/Gumnut/P01_Gumnut_CPU_Quartus_Mixed/gumnut-rtl_unpipelined.vhd Line: 5
Info (12021): Found 1 design units, including 0 entities, in source file gumnut_with_mem-struct.vhd
    Info (12022): Found design unit 1: gumnut_with_mem-struct File: /home/jorgelop/Documents/Escuela_Tareas/PERIODO 2/Diseno_Logica_Programable/Proyecto/Avance Final/Gumnut/P01_Gumnut_CPU_Quartus_Mixed/gumnut_with_mem-struct.vhd Line: 7
Info (12021): Found 1 design units, including 1 entities, in source file gumnut_with_mem.vhd
    Info (12023): Found entity 1: gumnut_with_mem File: /home/jorgelop/Documents/Escuela_Tareas/PERIODO 2/Diseno_Logica_Programable/Proyecto/Avance Final/Gumnut/P01_Gumnut_CPU_Quartus_Mixed/gumnut_with_mem.vhd Line: 4
Info (12021): Found 2 design units, including 0 entities, in source file gumnut_defs.vhd
    Info (12022): Found design unit 1: gumnut_defs File: /home/jorgelop/Documents/Escuela_Tareas/PERIODO 2/Diseno_Logica_Programable/Proyecto/Avance Final/Gumnut/P01_Gumnut_CPU_Quartus_Mixed/gumnut_defs.vhd Line: 4
    Info (12022): Found design unit 2: gumnut_defs-body File: /home/jorgelop/Documents/Escuela_Tareas/PERIODO 2/Diseno_Logica_Programable/Proyecto/Avance Final/Gumnut/P01_Gumnut_CPU_Quartus_Mixed/gumnut_defs.vhd Line: 85
Info (12021): Found 1 design units, including 1 entities, in source file gumnut.vhd
    Info (12023): Found entity 1: gumnut File: /home/jorgelop/Documents/Escuela_Tareas/PERIODO 2/Diseno_Logica_Programable/Proyecto/Avance Final/Gumnut/P01_Gumnut_CPU_Quartus_Mixed/gumnut.vhd Line: 4
Info (12021): Found 1 design units, including 1 entities, in source file data_mem.v
    Info (12023): Found entity 1: data_mem File: /home/jorgelop/Documents/Escuela_Tareas/PERIODO 2/Diseno_Logica_Programable/Proyecto/Avance Final/Gumnut/P01_Gumnut_CPU_Quartus_Mixed/data_mem.v Line: 1
Info (12021): Found 2 design units, including 1 entities, in source file baudrate_gen.vhd
    Info (12022): Found design unit 1: baudrate_gen-rtl File: /home/jorgelop/Documents/Escuela_Tareas/PERIODO 2/Diseno_Logica_Programable/Proyecto/Avance Final/Gumnut/P01_Gumnut_CPU_Quartus_Mixed/baudrate_gen.vhd Line: 15
    Info (12023): Found entity 1: baudrate_gen File: /home/jorgelop/Documents/Escuela_Tareas/PERIODO 2/Diseno_Logica_Programable/Proyecto/Avance Final/Gumnut/P01_Gumnut_CPU_Quartus_Mixed/baudrate_gen.vhd Line: 7
Info (12021): Found 2 design units, including 1 entities, in source file uart_tx.vhd
    Info (12022): Found design unit 1: uart_tx-fsm File: /home/jorgelop/Documents/Escuela_Tareas/PERIODO 2/Diseno_Logica_Programable/Proyecto/Avance Final/Gumnut/P01_Gumnut_CPU_Quartus_Mixed/uart_tx.vhd Line: 26
    Info (12023): Found entity 1: uart_tx File: /home/jorgelop/Documents/Escuela_Tareas/PERIODO 2/Diseno_Logica_Programable/Proyecto/Avance Final/Gumnut/P01_Gumnut_CPU_Quartus_Mixed/uart_tx.vhd Line: 15
Info (12021): Found 2 design units, including 1 entities, in source file de10lite.vhd
    Info (12022): Found design unit 1: de10lite-Structural File: /home/jorgelop/Documents/Escuela_Tareas/PERIODO 2/Diseno_Logica_Programable/Proyecto/Avance Final/Gumnut/P01_Gumnut_CPU_Quartus_Mixed/de10lite.vhd Line: 17
    Info (12023): Found entity 1: de10lite File: /home/jorgelop/Documents/Escuela_Tareas/PERIODO 2/Diseno_Logica_Programable/Proyecto/Avance Final/Gumnut/P01_Gumnut_CPU_Quartus_Mixed/de10lite.vhd Line: 4
Info (12021): Found 2 design units, including 1 entities, in source file uart_rx.vhd
    Info (12022): Found design unit 1: uart_rx-fsm File: /home/jorgelop/Documents/Escuela_Tareas/PERIODO 2/Diseno_Logica_Programable/Proyecto/Avance Final/Gumnut/P01_Gumnut_CPU_Quartus_Mixed/uart_rx.vhd Line: 19
    Info (12023): Found entity 1: uart_rx File: /home/jorgelop/Documents/Escuela_Tareas/PERIODO 2/Diseno_Logica_Programable/Proyecto/Avance Final/Gumnut/P01_Gumnut_CPU_Quartus_Mixed/uart_rx.vhd Line: 8
Info (12127): Elaborating entity "de10lite" for the top level hierarchy
Info (12128): Elaborating entity "gumnut_with_mem" for hierarchy "gumnut_with_mem:gumnut_inst" File: /home/jorgelop/Documents/Escuela_Tareas/PERIODO 2/Diseno_Logica_Programable/Proyecto/Avance Final/Gumnut/P01_Gumnut_CPU_Quartus_Mixed/de10lite.vhd Line: 128
Info (12128): Elaborating entity "gumnut" for hierarchy "gumnut_with_mem:gumnut_inst|gumnut:core" File: /home/jorgelop/Documents/Escuela_Tareas/PERIODO 2/Diseno_Logica_Programable/Proyecto/Avance Final/Gumnut/P01_Gumnut_CPU_Quartus_Mixed/gumnut_with_mem-struct.vhd Line: 79
Info (12128): Elaborating entity "inst_mem" for hierarchy "gumnut_with_mem:gumnut_inst|inst_mem:core_inst_mem" File: /home/jorgelop/Documents/Escuela_Tareas/PERIODO 2/Diseno_Logica_Programable/Proyecto/Avance Final/Gumnut/P01_Gumnut_CPU_Quartus_Mixed/gumnut_with_mem-struct.vhd Line: 105
Warning (10230): Verilog HDL assignment warning at gasm_text.dat(1): truncated value with size 20 to match size of target (18) File: /home/jorgelop/Documents/Escuela_Tareas/PERIODO 2/Diseno_Logica_Programable/Proyecto/Avance Final/Gumnut/P01_Gumnut_CPU_Quartus_Mixed/gasm_text.dat Line: 1
Warning (10230): Verilog HDL assignment warning at gasm_text.dat(17): truncated value with size 20 to match size of target (18) File: /home/jorgelop/Documents/Escuela_Tareas/PERIODO 2/Diseno_Logica_Programable/Proyecto/Avance Final/Gumnut/P01_Gumnut_CPU_Quartus_Mixed/gasm_text.dat Line: 17
Warning (10230): Verilog HDL assignment warning at gasm_text.dat(19): truncated value with size 20 to match size of target (18) File: /home/jorgelop/Documents/Escuela_Tareas/PERIODO 2/Diseno_Logica_Programable/Proyecto/Avance Final/Gumnut/P01_Gumnut_CPU_Quartus_Mixed/gasm_text.dat Line: 19
Warning (10230): Verilog HDL assignment warning at gasm_text.dat(20): truncated value with size 20 to match size of target (18) File: /home/jorgelop/Documents/Escuela_Tareas/PERIODO 2/Diseno_Logica_Programable/Proyecto/Avance Final/Gumnut/P01_Gumnut_CPU_Quartus_Mixed/gasm_text.dat Line: 20
Warning (10230): Verilog HDL assignment warning at gasm_text.dat(22): truncated value with size 20 to match size of target (18) File: /home/jorgelop/Documents/Escuela_Tareas/PERIODO 2/Diseno_Logica_Programable/Proyecto/Avance Final/Gumnut/P01_Gumnut_CPU_Quartus_Mixed/gasm_text.dat Line: 22
Warning (10230): Verilog HDL assignment warning at gasm_text.dat(24): truncated value with size 20 to match size of target (18) File: /home/jorgelop/Documents/Escuela_Tareas/PERIODO 2/Diseno_Logica_Programable/Proyecto/Avance Final/Gumnut/P01_Gumnut_CPU_Quartus_Mixed/gasm_text.dat Line: 24
Warning (10230): Verilog HDL assignment warning at gasm_text.dat(25): truncated value with size 20 to match size of target (18) File: /home/jorgelop/Documents/Escuela_Tareas/PERIODO 2/Diseno_Logica_Programable/Proyecto/Avance Final/Gumnut/P01_Gumnut_CPU_Quartus_Mixed/gasm_text.dat Line: 25
Warning (10230): Verilog HDL assignment warning at gasm_text.dat(27): truncated value with size 20 to match size of target (18) File: /home/jorgelop/Documents/Escuela_Tareas/PERIODO 2/Diseno_Logica_Programable/Proyecto/Avance Final/Gumnut/P01_Gumnut_CPU_Quartus_Mixed/gasm_text.dat Line: 27
Warning (10230): Verilog HDL assignment warning at gasm_text.dat(29): truncated value with size 20 to match size of target (18) File: /home/jorgelop/Documents/Escuela_Tareas/PERIODO 2/Diseno_Logica_Programable/Proyecto/Avance Final/Gumnut/P01_Gumnut_CPU_Quartus_Mixed/gasm_text.dat Line: 29
Warning (10230): Verilog HDL assignment warning at gasm_text.dat(30): truncated value with size 20 to match size of target (18) File: /home/jorgelop/Documents/Escuela_Tareas/PERIODO 2/Diseno_Logica_Programable/Proyecto/Avance Final/Gumnut/P01_Gumnut_CPU_Quartus_Mixed/gasm_text.dat Line: 30
Warning (10230): Verilog HDL assignment warning at gasm_text.dat(32): truncated value with size 20 to match size of target (18) File: /home/jorgelop/Documents/Escuela_Tareas/PERIODO 2/Diseno_Logica_Programable/Proyecto/Avance Final/Gumnut/P01_Gumnut_CPU_Quartus_Mixed/gasm_text.dat Line: 32
Warning (10230): Verilog HDL assignment warning at gasm_text.dat(34): truncated value with size 20 to match size of target (18) File: /home/jorgelop/Documents/Escuela_Tareas/PERIODO 2/Diseno_Logica_Programable/Proyecto/Avance Final/Gumnut/P01_Gumnut_CPU_Quartus_Mixed/gasm_text.dat Line: 34
Warning (10230): Verilog HDL assignment warning at gasm_text.dat(35): truncated value with size 20 to match size of target (18) File: /home/jorgelop/Documents/Escuela_Tareas/PERIODO 2/Diseno_Logica_Programable/Proyecto/Avance Final/Gumnut/P01_Gumnut_CPU_Quartus_Mixed/gasm_text.dat Line: 35
Warning (10230): Verilog HDL assignment warning at gasm_text.dat(37): truncated value with size 20 to match size of target (18) File: /home/jorgelop/Documents/Escuela_Tareas/PERIODO 2/Diseno_Logica_Programable/Proyecto/Avance Final/Gumnut/P01_Gumnut_CPU_Quartus_Mixed/gasm_text.dat Line: 37
Warning (10230): Verilog HDL assignment warning at gasm_text.dat(38): truncated value with size 20 to match size of target (18) File: /home/jorgelop/Documents/Escuela_Tareas/PERIODO 2/Diseno_Logica_Programable/Proyecto/Avance Final/Gumnut/P01_Gumnut_CPU_Quartus_Mixed/gasm_text.dat Line: 38
Warning (10230): Verilog HDL assignment warning at gasm_text.dat(39): truncated value with size 20 to match size of target (18) File: /home/jorgelop/Documents/Escuela_Tareas/PERIODO 2/Diseno_Logica_Programable/Proyecto/Avance Final/Gumnut/P01_Gumnut_CPU_Quartus_Mixed/gasm_text.dat Line: 39
Warning (10230): Verilog HDL assignment warning at gasm_text.dat(40): truncated value with size 20 to match size of target (18) File: /home/jorgelop/Documents/Escuela_Tareas/PERIODO 2/Diseno_Logica_Programable/Proyecto/Avance Final/Gumnut/P01_Gumnut_CPU_Quartus_Mixed/gasm_text.dat Line: 40
Warning (10230): Verilog HDL assignment warning at gasm_text.dat(41): truncated value with size 20 to match size of target (18) File: /home/jorgelop/Documents/Escuela_Tareas/PERIODO 2/Diseno_Logica_Programable/Proyecto/Avance Final/Gumnut/P01_Gumnut_CPU_Quartus_Mixed/gasm_text.dat Line: 41
Warning (10230): Verilog HDL assignment warning at gasm_text.dat(43): truncated value with size 20 to match size of target (18) File: /home/jorgelop/Documents/Escuela_Tareas/PERIODO 2/Diseno_Logica_Programable/Proyecto/Avance Final/Gumnut/P01_Gumnut_CPU_Quartus_Mixed/gasm_text.dat Line: 43
Warning (10230): Verilog HDL assignment warning at gasm_text.dat(44): truncated value with size 20 to match size of target (18) File: /home/jorgelop/Documents/Escuela_Tareas/PERIODO 2/Diseno_Logica_Programable/Proyecto/Avance Final/Gumnut/P01_Gumnut_CPU_Quartus_Mixed/gasm_text.dat Line: 44
Warning (10230): Verilog HDL assignment warning at gasm_text.dat(46): truncated value with size 20 to match size of target (18) File: /home/jorgelop/Documents/Escuela_Tareas/PERIODO 2/Diseno_Logica_Programable/Proyecto/Avance Final/Gumnut/P01_Gumnut_CPU_Quartus_Mixed/gasm_text.dat Line: 46
Warning (10230): Verilog HDL assignment warning at gasm_text.dat(47): truncated value with size 20 to match size of target (18) File: /home/jorgelop/Documents/Escuela_Tareas/PERIODO 2/Diseno_Logica_Programable/Proyecto/Avance Final/Gumnut/P01_Gumnut_CPU_Quartus_Mixed/gasm_text.dat Line: 47
Warning (10230): Verilog HDL assignment warning at gasm_text.dat(49): truncated value with size 20 to match size of target (18) File: /home/jorgelop/Documents/Escuela_Tareas/PERIODO 2/Diseno_Logica_Programable/Proyecto/Avance Final/Gumnut/P01_Gumnut_CPU_Quartus_Mixed/gasm_text.dat Line: 49
Warning (10230): Verilog HDL assignment warning at gasm_text.dat(51): truncated value with size 20 to match size of target (18) File: /home/jorgelop/Documents/Escuela_Tareas/PERIODO 2/Diseno_Logica_Programable/Proyecto/Avance Final/Gumnut/P01_Gumnut_CPU_Quartus_Mixed/gasm_text.dat Line: 51
Warning (10230): Verilog HDL assignment warning at gasm_text.dat(52): truncated value with size 20 to match size of target (18) File: /home/jorgelop/Documents/Escuela_Tareas/PERIODO 2/Diseno_Logica_Programable/Proyecto/Avance Final/Gumnut/P01_Gumnut_CPU_Quartus_Mixed/gasm_text.dat Line: 52
Warning (10230): Verilog HDL assignment warning at gasm_text.dat(54): truncated value with size 20 to match size of target (18) File: /home/jorgelop/Documents/Escuela_Tareas/PERIODO 2/Diseno_Logica_Programable/Proyecto/Avance Final/Gumnut/P01_Gumnut_CPU_Quartus_Mixed/gasm_text.dat Line: 54
Warning (10230): Verilog HDL assignment warning at gasm_text.dat(55): truncated value with size 20 to match size of target (18) File: /home/jorgelop/Documents/Escuela_Tareas/PERIODO 2/Diseno_Logica_Programable/Proyecto/Avance Final/Gumnut/P01_Gumnut_CPU_Quartus_Mixed/gasm_text.dat Line: 55
Warning (10230): Verilog HDL assignment warning at gasm_text.dat(57): truncated value with size 20 to match size of target (18) File: /home/jorgelop/Documents/Escuela_Tareas/PERIODO 2/Diseno_Logica_Programable/Proyecto/Avance Final/Gumnut/P01_Gumnut_CPU_Quartus_Mixed/gasm_text.dat Line: 57
Warning (10230): Verilog HDL assignment warning at gasm_text.dat(58): truncated value with size 20 to match size of target (18) File: /home/jorgelop/Documents/Escuela_Tareas/PERIODO 2/Diseno_Logica_Programable/Proyecto/Avance Final/Gumnut/P01_Gumnut_CPU_Quartus_Mixed/gasm_text.dat Line: 58
Warning (10230): Verilog HDL assignment warning at gasm_text.dat(59): truncated value with size 20 to match size of target (18) File: /home/jorgelop/Documents/Escuela_Tareas/PERIODO 2/Diseno_Logica_Programable/Proyecto/Avance Final/Gumnut/P01_Gumnut_CPU_Quartus_Mixed/gasm_text.dat Line: 59
Warning (10230): Verilog HDL assignment warning at gasm_text.dat(60): truncated value with size 20 to match size of target (18) File: /home/jorgelop/Documents/Escuela_Tareas/PERIODO 2/Diseno_Logica_Programable/Proyecto/Avance Final/Gumnut/P01_Gumnut_CPU_Quartus_Mixed/gasm_text.dat Line: 60
Warning (10230): Verilog HDL assignment warning at gasm_text.dat(61): truncated value with size 20 to match size of target (18) File: /home/jorgelop/Documents/Escuela_Tareas/PERIODO 2/Diseno_Logica_Programable/Proyecto/Avance Final/Gumnut/P01_Gumnut_CPU_Quartus_Mixed/gasm_text.dat Line: 61
Warning (10230): Verilog HDL assignment warning at gasm_text.dat(62): truncated value with size 20 to match size of target (18) File: /home/jorgelop/Documents/Escuela_Tareas/PERIODO 2/Diseno_Logica_Programable/Proyecto/Avance Final/Gumnut/P01_Gumnut_CPU_Quartus_Mixed/gasm_text.dat Line: 62
Warning (10230): Verilog HDL assignment warning at gasm_text.dat(63): truncated value with size 20 to match size of target (18) File: /home/jorgelop/Documents/Escuela_Tareas/PERIODO 2/Diseno_Logica_Programable/Proyecto/Avance Final/Gumnut/P01_Gumnut_CPU_Quartus_Mixed/gasm_text.dat Line: 63
Warning (10230): Verilog HDL assignment warning at gasm_text.dat(69): truncated value with size 20 to match size of target (18) File: /home/jorgelop/Documents/Escuela_Tareas/PERIODO 2/Diseno_Logica_Programable/Proyecto/Avance Final/Gumnut/P01_Gumnut_CPU_Quartus_Mixed/gasm_text.dat Line: 69
Warning (10230): Verilog HDL assignment warning at gasm_text.dat(72): truncated value with size 20 to match size of target (18) File: /home/jorgelop/Documents/Escuela_Tareas/PERIODO 2/Diseno_Logica_Programable/Proyecto/Avance Final/Gumnut/P01_Gumnut_CPU_Quartus_Mixed/gasm_text.dat Line: 72
Warning (10230): Verilog HDL assignment warning at gasm_text.dat(75): truncated value with size 20 to match size of target (18) File: /home/jorgelop/Documents/Escuela_Tareas/PERIODO 2/Diseno_Logica_Programable/Proyecto/Avance Final/Gumnut/P01_Gumnut_CPU_Quartus_Mixed/gasm_text.dat Line: 75
Warning (10230): Verilog HDL assignment warning at gasm_text.dat(76): truncated value with size 20 to match size of target (18) File: /home/jorgelop/Documents/Escuela_Tareas/PERIODO 2/Diseno_Logica_Programable/Proyecto/Avance Final/Gumnut/P01_Gumnut_CPU_Quartus_Mixed/gasm_text.dat Line: 76
Warning (10030): Net "IMem.data_a" at inst_mem.v(8) has no driver or initial value, using a default initial value '0' File: /home/jorgelop/Documents/Escuela_Tareas/PERIODO 2/Diseno_Logica_Programable/Proyecto/Avance Final/Gumnut/P01_Gumnut_CPU_Quartus_Mixed/inst_mem.v Line: 8
Warning (10030): Net "IMem.waddr_a" at inst_mem.v(8) has no driver or initial value, using a default initial value '0' File: /home/jorgelop/Documents/Escuela_Tareas/PERIODO 2/Diseno_Logica_Programable/Proyecto/Avance Final/Gumnut/P01_Gumnut_CPU_Quartus_Mixed/inst_mem.v Line: 8
Warning (10030): Net "IMem.we_a" at inst_mem.v(8) has no driver or initial value, using a default initial value '0' File: /home/jorgelop/Documents/Escuela_Tareas/PERIODO 2/Diseno_Logica_Programable/Proyecto/Avance Final/Gumnut/P01_Gumnut_CPU_Quartus_Mixed/inst_mem.v Line: 8
Info (12128): Elaborating entity "data_mem" for hierarchy "gumnut_with_mem:gumnut_inst|data_mem:core_data_mem" File: /home/jorgelop/Documents/Escuela_Tareas/PERIODO 2/Diseno_Logica_Programable/Proyecto/Avance Final/Gumnut/P01_Gumnut_CPU_Quartus_Mixed/gumnut_with_mem-struct.vhd Line: 114
Info (12128): Elaborating entity "baudrate_gen" for hierarchy "baudrate_gen:baud_inst" File: /home/jorgelop/Documents/Escuela_Tareas/PERIODO 2/Diseno_Logica_Programable/Proyecto/Avance Final/Gumnut/P01_Gumnut_CPU_Quartus_Mixed/de10lite.vhd Line: 143
Info (12128): Elaborating entity "baudrate_gen" for hierarchy "baudrate_gen:baud_rx_inst" File: /home/jorgelop/Documents/Escuela_Tareas/PERIODO 2/Diseno_Logica_Programable/Proyecto/Avance Final/Gumnut/P01_Gumnut_CPU_Quartus_Mixed/de10lite.vhd Line: 152
Info (12128): Elaborating entity "uart_tx" for hierarchy "uart_tx:uart_tx_inst" File: /home/jorgelop/Documents/Escuela_Tareas/PERIODO 2/Diseno_Logica_Programable/Proyecto/Avance Final/Gumnut/P01_Gumnut_CPU_Quartus_Mixed/de10lite.vhd Line: 160
Info (12128): Elaborating entity "uart_rx" for hierarchy "uart_rx:uart_rx_inst" File: /home/jorgelop/Documents/Escuela_Tareas/PERIODO 2/Diseno_Logica_Programable/Proyecto/Avance Final/Gumnut/P01_Gumnut_CPU_Quartus_Mixed/de10lite.vhd Line: 171
Info (276014): Found 3 instances of uninferred RAM logic
    Info (276013): RAM logic "gumnut_with_mem:gumnut_inst|inst_mem:core_inst_mem|IMem" is uninferred because MIF is not supported for the selected family File: /home/jorgelop/Documents/Escuela_Tareas/PERIODO 2/Diseno_Logica_Programable/Proyecto/Avance Final/Gumnut/P01_Gumnut_CPU_Quartus_Mixed/inst_mem.v Line: 8
    Info (276013): RAM logic "gumnut_with_mem:gumnut_inst|data_mem:core_data_mem|DMem" is uninferred because MIF is not supported for the selected family File: /home/jorgelop/Documents/Escuela_Tareas/PERIODO 2/Diseno_Logica_Programable/Proyecto/Avance Final/Gumnut/P01_Gumnut_CPU_Quartus_Mixed/data_mem.v Line: 10
    Info (276004): RAM logic "gumnut_with_mem:gumnut_inst|gumnut:core|\stack_mem:stack" is uninferred due to inappropriate RAM size
Info (13000): Registers with preset signals will power-up high File: /home/jorgelop/Documents/Escuela_Tareas/PERIODO 2/Diseno_Logica_Programable/Proyecto/Avance Final/Gumnut/P01_Gumnut_CPU_Quartus_Mixed/de10lite.vhd Line: 85
Info (13003): DEV_CLRn pin will set, and not reset, register with preset signal due to NOT Gate Push-Back
Warning (13024): Output pins are stuck at VCC or GND
    Warning (13410): Pin "LEDR[8]" is stuck at GND File: /home/jorgelop/Documents/Escuela_Tareas/PERIODO 2/Diseno_Logica_Programable/Proyecto/Avance Final/Gumnut/P01_Gumnut_CPU_Quartus_Mixed/de10lite.vhd Line: 201
    Warning (13410): Pin "LEDR[9]" is stuck at GND File: /home/jorgelop/Documents/Escuela_Tareas/PERIODO 2/Diseno_Logica_Programable/Proyecto/Avance Final/Gumnut/P01_Gumnut_CPU_Quartus_Mixed/de10lite.vhd Line: 201
Info (286030): Timing-Driven Synthesis is running
Info (17049): 1 registers lost all their fanouts during netlist optimizations.
Info (16010): Generating hard_block partition "hard_block:auto_generated_inst"
    Info (16011): Adding 0 node(s), including 0 DDIO, 0 PLL, 0 transceiver and 0 LCELL
Warning (21074): Design contains 6 input pin(s) that do not drive logic
    Warning (15610): No output dependent on input pin "SW[4]" File: /home/jorgelop/Documents/Escuela_Tareas/PERIODO 2/Diseno_Logica_Programable/Proyecto/Avance Final/Gumnut/P01_Gumnut_CPU_Quartus_Mixed/de10lite.vhd Line: 8
    Warning (15610): No output dependent on input pin "SW[5]" File: /home/jorgelop/Documents/Escuela_Tareas/PERIODO 2/Diseno_Logica_Programable/Proyecto/Avance Final/Gumnut/P01_Gumnut_CPU_Quartus_Mixed/de10lite.vhd Line: 8
    Warning (15610): No output dependent on input pin "SW[6]" File: /home/jorgelop/Documents/Escuela_Tareas/PERIODO 2/Diseno_Logica_Programable/Proyecto/Avance Final/Gumnut/P01_Gumnut_CPU_Quartus_Mixed/de10lite.vhd Line: 8
    Warning (15610): No output dependent on input pin "SW[7]" File: /home/jorgelop/Documents/Escuela_Tareas/PERIODO 2/Diseno_Logica_Programable/Proyecto/Avance Final/Gumnut/P01_Gumnut_CPU_Quartus_Mixed/de10lite.vhd Line: 8
    Warning (15610): No output dependent on input pin "SW[8]" File: /home/jorgelop/Documents/Escuela_Tareas/PERIODO 2/Diseno_Logica_Programable/Proyecto/Avance Final/Gumnut/P01_Gumnut_CPU_Quartus_Mixed/de10lite.vhd Line: 8
    Warning (15610): No output dependent on input pin "SW[9]" File: /home/jorgelop/Documents/Escuela_Tareas/PERIODO 2/Diseno_Logica_Programable/Proyecto/Avance Final/Gumnut/P01_Gumnut_CPU_Quartus_Mixed/de10lite.vhd Line: 8
Info (21057): Implemented 4805 device resources after synthesis - the final resource count might be different
    Info (21058): Implemented 14 input pins
    Info (21059): Implemented 25 output pins
    Info (21061): Implemented 4766 logic cells
Info: Quartus Prime Analysis & Synthesis was successful. 0 errors, 52 warnings
    Info: Peak virtual memory: 513 megabytes
    Info: Processing ended: Tue Apr 28 01:03:22 2026
    Info: Elapsed time: 00:00:12
    Info: Total CPU time (on all processors): 00:00:23


